// Vitest Snapshot v1, https://vitest.dev/guide/snapshot.html

exports[`performs hybrid navigations > context after navigation 1`] = `
{
  "adapter": {
    "onViewSwap": [Function],
    "resolveComponent": [Function],
    "updateRoutingConfiguration": [Function],
  },
  "axios": [Function],
  "hooks": {},
  "memo": {},
  "pendingNavigation": undefined,
  "plugins": [],
  "preloadCache": Map {},
  "responseErrorModals": undefined,
  "routing": undefined,
  "scrollRegions": [
    {
      "left": 0,
      "top": 0,
    },
    {
      "left": 0,
      "top": 0,
    },
  ],
  "serializer": {
    "serialize": [Function],
    "unserialize": [Function],
  },
  "url": "https://localhost.test/navigation",
  "version": "abc123",
  "view": {
    "component": "target.view",
    "properties": {
      "foo": "bar",
    },
  },
}
`;

exports[`performs hybrid navigations > navigation response 1`] = `
{
  "url": "https://localhost.test/navigation",
  "version": "abc123",
  "view": {
    "component": "target.view",
    "properties": {
      "foo": "bar",
    },
  },
}
`;
