{
    "id": "products-table",
    "keyName": "id",
    "refinements": {
        "sorts": [],
        "filters": [],
        "scope": null,
        "keys": {
            "sorts": "sort",
            "filters": "filters"
        }
    },
    "records": [
        {
            "name": "AirPods",
            "created_at": "2021-01-01T00:00:00+00:00",
            "authorization": {
                "returns-true": true,
                "returns-false": false
            }
        }
    ],
    "paginator": {
        "links": [
            {
                "url": null,
                "label": "&laquo; Previous",
                "active": false
            },
            {
                "url": "http:\/\/localhost?page=1",
                "label": "1",
                "active": true
            },
            {
                "url": null,
                "label": "Next &raquo;",
                "active": false
            }
        ],
        "meta": {
            "current_page": 1,
            "first_page_url": "http:\/\/localhost?page=1",
            "from": 1,
            "last_page": 1,
            "last_page_url": "http:\/\/localhost?page=1",
            "path": "http:\/\/localhost",
            "per_page": 10,
            "to": 1,
            "total": 1
        }
    },
    "columns": [
        {
            "name": "name",
            "type": "text",
            "label": "Name",
            "metadata": []
        },
        {
            "name": "created_at",
            "type": "text",
            "label": "Created at",
            "metadata": []
        }
    ],
    "endpoint": "hybridly.action.invoke",
    "inlineActions": [],
    "bulkActions": [],
    "scope": null
}