[{"name":"name","type":"text","label":"Name","attributes":{"color":"primary"}}]