[{"name":"name","type":"text","label":"Name","metadata":{"color":"primary"}}]