{
    "id": "products-table",
    "keyName": "id",
    "refinements": {
        "sorts": [
            {
                "name": "name",
                "hidden": false,
                "label": "Name",
                "metadata": [],
                "is_active": false,
                "direction": null,
                "default": null,
                "desc": "-name",
                "asc": "name",
                "next": "name"
            }
        ],
        "filters": [
            {
                "name": "name",
                "hidden": false,
                "label": "Name",
                "type": "exact",
                "metadata": [],
                "is_active": false,
                "value": null,
                "default": null
            }
        ],
        "scope": "custom-scope",
        "keys": {
            "sorts": "custom-scope-sort",
            "filters": "custom-scope-filters"
        }
    },
    "records": [
        {
            "id": 1,
            "name": "AirPods"
        }
    ],
    "paginator": {
        "links": [
            {
                "url": null,
                "label": "&laquo; Previous",
                "active": false
            },
            {
                "url": "http:\/\/localhost?custom-scope-page=1",
                "label": "1",
                "active": true
            },
            {
                "url": null,
                "label": "Next &raquo;",
                "active": false
            }
        ],
        "meta": {
            "current_page": 1,
            "first_page_url": "http:\/\/localhost?custom-scope-page=1",
            "from": 1,
            "last_page": 1,
            "last_page_url": "http:\/\/localhost?custom-scope-page=1",
            "path": "http:\/\/localhost",
            "per_page": 10,
            "to": 1,
            "total": 1
        }
    },
    "columns": [
        {
            "name": "name",
            "type": "text",
            "label": "Name",
            "metadata": []
        }
    ],
    "endpoint": "hybridly.action.invoke",
    "inlineActions": [
        {
            "name": "say_my_name",
            "label": "Say my name",
            "metadata": []
        }
    ],
    "bulkActions": [
        {
            "name": "say_our_names",
            "label": "Say our names",
            "metadata": [],
            "deselect": true
        }
    ],
    "scope": "custom-scope"
}